[2020-04-27T18:22:43.409-0800][0.015s] Heap region size: 1M
[2020-04-27T18:22:43.715-0800][0.321s] Using G1
[2020-04-27T18:22:43.716-0800][0.321s] Heap address: 0x00000007e0000000, size: 512 MB, Compressed Oops mode: Zero based, Oop shift amount: 3
[2020-04-27T18:22:44.658-0800][1.264s] GC(0) Pause Young (Normal) (G1 Evacuation Pause)
[2020-04-27T18:22:44.659-0800][1.265s] GC(0) Using 8 workers of 8 for evacuation
[2020-04-27T18:22:44.663-0800][1.269s] GC(0)   Pre Evacuate Collection Set: 0.0ms
[2020-04-27T18:22:44.663-0800][1.269s] GC(0)   Evacuate Collection Set: 3.2ms
[2020-04-27T18:22:44.663-0800][1.269s] GC(0)   Post Evacuate Collection Set: 0.5ms
[2020-04-27T18:22:44.663-0800][1.269s] GC(0)   Other: 0.8ms
[2020-04-27T18:22:44.663-0800][1.269s] GC(0) Eden regions: 30->0(303)
[2020-04-27T18:22:44.663-0800][1.269s] GC(0) Survivor regions: 0->4(4)
[2020-04-27T18:22:44.663-0800][1.269s] GC(0) Old regions: 0->0
[2020-04-27T18:22:44.663-0800][1.269s] GC(0) Humongous regions: 0->0
[2020-04-27T18:22:44.663-0800][1.269s] GC(0) Metaspace: 14467K->14467K(1062912K)
[2020-04-27T18:22:44.663-0800][1.269s] GC(0) Pause Young (Normal) (G1 Evacuation Pause) 30M->3M(512M) 4.750ms
[2020-04-27T18:22:44.663-0800][1.269s] GC(0) User=0.03s Sys=0.00s Real=0.01s
[2020-04-27T18:22:45.493-0800][2.099s] GC(1) Pause Young (Concurrent Start) (Metadata GC Threshold)
[2020-04-27T18:22:45.493-0800][2.099s] GC(1) Using 8 workers of 8 for evacuation
[2020-04-27T18:22:45.508-0800][2.114s] GC(1)   Pre Evacuate Collection Set: 0.0ms
[2020-04-27T18:22:45.508-0800][2.114s] GC(1)   Evacuate Collection Set: 13.9ms
[2020-04-27T18:22:45.508-0800][2.114s] GC(1)   Post Evacuate Collection Set: 0.7ms
[2020-04-27T18:22:45.508-0800][2.114s] GC(1)   Other: 0.3ms
[2020-04-27T18:22:45.508-0800][2.114s] GC(1) Eden regions: 21->0(99)
[2020-04-27T18:22:45.508-0800][2.114s] GC(1) Survivor regions: 4->12(39)
[2020-04-27T18:22:45.508-0800][2.114s] GC(1) Old regions: 0->0
[2020-04-27T18:22:45.508-0800][2.114s] GC(1) Humongous regions: 4->4
[2020-04-27T18:22:45.508-0800][2.114s] GC(1) Metaspace: 20723K->20723K(1069056K)
[2020-04-27T18:22:45.508-0800][2.114s] GC(1) Pause Young (Concurrent Start) (Metadata GC Threshold) 28M->15M(512M) 15.190ms
[2020-04-27T18:22:45.508-0800][2.114s] GC(1) User=0.05s Sys=0.00s Real=0.01s
[2020-04-27T18:22:45.508-0800][2.114s] GC(2) Concurrent Cycle
[2020-04-27T18:22:45.508-0800][2.114s] GC(2) Concurrent Clear Claimed Marks
[2020-04-27T18:22:45.508-0800][2.114s] GC(2) Concurrent Clear Claimed Marks 0.074ms
[2020-04-27T18:22:45.508-0800][2.114s] GC(2) Concurrent Scan Root Regions
[2020-04-27T18:22:45.514-0800][2.120s] GC(2) Concurrent Scan Root Regions 5.827ms
[2020-04-27T18:22:45.514-0800][2.120s] GC(2) Concurrent Mark (2.120s)
[2020-04-27T18:22:45.514-0800][2.120s] GC(2) Concurrent Mark From Roots
[2020-04-27T18:22:45.514-0800][2.120s] GC(2) Using 2 workers of 2 for marking
[2020-04-27T18:22:45.516-0800][2.122s] GC(2) Concurrent Mark From Roots 1.612ms
[2020-04-27T18:22:45.516-0800][2.122s] GC(2) Concurrent Preclean
[2020-04-27T18:22:45.516-0800][2.122s] GC(2) Concurrent Preclean 0.068ms
[2020-04-27T18:22:45.516-0800][2.122s] GC(2) Concurrent Mark (2.120s, 2.122s) 1.799ms
[2020-04-27T18:22:45.516-0800][2.122s] GC(2) Pause Remark
[2020-04-27T18:22:45.518-0800][2.124s] GC(2) Cleaned string and symbol table, strings: 10139 processed, 0 removed, symbols: 67709 processed, 11 removed
[2020-04-27T18:22:45.519-0800][2.124s] GC(2) Pause Remark 16M->16M(512M) 2.440ms
[2020-04-27T18:22:45.519-0800][2.125s] GC(2) User=0.01s Sys=0.00s Real=0.00s
[2020-04-27T18:22:45.519-0800][2.125s] GC(2) Concurrent Rebuild Remembered Sets
[2020-04-27T18:22:45.522-0800][2.128s] GC(2) Concurrent Rebuild Remembered Sets 3.665ms
[2020-04-27T18:22:45.524-0800][2.130s] GC(2) Pause Cleanup
[2020-04-27T18:22:45.524-0800][2.130s] GC(2) Pause Cleanup 16M->16M(512M) 0.178ms
[2020-04-27T18:22:45.524-0800][2.130s] GC(2) User=0.00s Sys=0.00s Real=0.00s
[2020-04-27T18:22:45.524-0800][2.130s] GC(2) Concurrent Cleanup for Next Mark
[2020-04-27T18:22:45.525-0800][2.131s] GC(2) Concurrent Cleanup for Next Mark 1.146ms
[2020-04-27T18:22:45.525-0800][2.131s] GC(2) Concurrent Cycle 17.467ms
[2020-04-27T18:22:46.560-0800][3.166s] GC(3) Pause Young (Normal) (G1 Evacuation Pause)
[2020-04-27T18:22:46.560-0800][3.166s] GC(3) Using 8 workers of 8 for evacuation
[2020-04-27T18:22:46.572-0800][3.178s] GC(3)   Pre Evacuate Collection Set: 0.0ms
[2020-04-27T18:22:46.573-0800][3.178s] GC(3)   Evacuate Collection Set: 10.8ms
[2020-04-27T18:22:46.573-0800][3.179s] GC(3)   Post Evacuate Collection Set: 1.0ms
[2020-04-27T18:22:46.573-0800][3.179s] GC(3)   Other: 0.2ms
[2020-04-27T18:22:46.573-0800][3.179s] GC(3) Eden regions: 58->0(75)
[2020-04-27T18:22:46.573-0800][3.179s] GC(3) Survivor regions: 12->9(9)
[2020-04-27T18:22:46.573-0800][3.179s] GC(3) Old regions: 0->12
[2020-04-27T18:22:46.573-0800][3.179s] GC(3) Humongous regions: 4->4
[2020-04-27T18:22:46.573-0800][3.179s] GC(3) Metaspace: 27395K->27395K(1075200K)
[2020-04-27T18:22:46.573-0800][3.179s] GC(3) Pause Young (Normal) (G1 Evacuation Pause) 73M->23M(512M) 12.458ms
[2020-04-27T18:22:46.573-0800][3.179s] GC(3) User=0.07s Sys=0.00s Real=0.01s
[2020-04-27T18:22:47.517-0800][4.122s] GC(4) Pause Young (Concurrent Start) (Metadata GC Threshold)
[2020-04-27T18:22:47.517-0800][4.123s] GC(4) Using 8 workers of 8 for evacuation
[2020-04-27T18:22:47.522-0800][4.128s] GC(4)   Pre Evacuate Collection Set: 0.0ms
[2020-04-27T18:22:47.522-0800][4.128s] GC(4)   Evacuate Collection Set: 4.9ms
[2020-04-27T18:22:47.522-0800][4.128s] GC(4)   Post Evacuate Collection Set: 0.4ms
[2020-04-27T18:22:47.522-0800][4.128s] GC(4)   Other: 0.2ms
[2020-04-27T18:22:47.522-0800][4.128s] GC(4) Eden regions: 54->0(122)
[2020-04-27T18:22:47.522-0800][4.128s] GC(4) Survivor regions: 9->2(11)
[2020-04-27T18:22:47.522-0800][4.128s] GC(4) Old regions: 12->19
[2020-04-27T18:22:47.522-0800][4.128s] GC(4) Humongous regions: 4->4
[2020-04-27T18:22:47.522-0800][4.128s] GC(4) Metaspace: 35014K->35014K(1081344K)
[2020-04-27T18:22:47.522-0800][4.128s] GC(4) Pause Young (Concurrent Start) (Metadata GC Threshold) 77M->24M(512M) 5.771ms
[2020-04-27T18:22:47.522-0800][4.128s] GC(4) User=0.03s Sys=0.00s Real=0.01s
[2020-04-27T18:22:47.522-0800][4.128s] GC(5) Concurrent Cycle
[2020-04-27T18:22:47.522-0800][4.128s] GC(5) Concurrent Clear Claimed Marks
[2020-04-27T18:22:47.522-0800][4.128s] GC(5) Concurrent Clear Claimed Marks 0.028ms
[2020-04-27T18:22:47.522-0800][4.128s] GC(5) Concurrent Scan Root Regions
[2020-04-27T18:22:47.524-0800][4.130s] GC(5) Concurrent Scan Root Regions 1.420ms
[2020-04-27T18:22:47.524-0800][4.130s] GC(5) Concurrent Mark (4.130s)
[2020-04-27T18:22:47.524-0800][4.130s] GC(5) Concurrent Mark From Roots
[2020-04-27T18:22:47.524-0800][4.130s] GC(5) Using 2 workers of 2 for marking
[2020-04-27T18:22:47.571-0800][4.177s] GC(5) Concurrent Mark From Roots 47.195ms
[2020-04-27T18:22:47.571-0800][4.177s] GC(5) Concurrent Preclean
[2020-04-27T18:22:47.571-0800][4.177s] GC(5) Concurrent Preclean 0.175ms
[2020-04-27T18:22:47.571-0800][4.177s] GC(5) Concurrent Mark (4.130s, 4.177s) 47.554ms
[2020-04-27T18:22:47.574-0800][4.180s] GC(5) Pause Remark
[2020-04-27T18:22:47.590-0800][4.196s] GC(5) Cleaned string and symbol table, strings: 16510 processed, 20 removed, symbols: 114582 processed, 52 removed
[2020-04-27T18:22:47.590-0800][4.196s] GC(5) Pause Remark 26M->26M(512M) 16.456ms
[2020-04-27T18:22:47.590-0800][4.196s] GC(5) User=0.04s Sys=0.01s Real=0.02s
[2020-04-27T18:22:47.590-0800][4.196s] GC(5) Concurrent Rebuild Remembered Sets
[2020-04-27T18:22:47.607-0800][4.213s] GC(5) Concurrent Rebuild Remembered Sets 16.299ms
[2020-04-27T18:22:47.607-0800][4.213s] GC(5) Pause Cleanup
[2020-04-27T18:22:47.607-0800][4.213s] GC(5) Pause Cleanup 27M->27M(512M) 0.146ms
[2020-04-27T18:22:47.607-0800][4.213s] GC(5) User=0.00s Sys=0.00s Real=0.00s
[2020-04-27T18:22:47.607-0800][4.213s] GC(5) Concurrent Cleanup for Next Mark
[2020-04-27T18:22:47.609-0800][4.215s] GC(5) Concurrent Cleanup for Next Mark 1.757ms
[2020-04-27T18:22:47.609-0800][4.215s] GC(5) Concurrent Cycle 86.709ms
[2020-04-27T18:22:48.950-0800][5.556s] GC(6) Pause Young (Normal) (G1 Evacuation Pause)
[2020-04-27T18:22:48.950-0800][5.556s] GC(6) Using 8 workers of 8 for evacuation
[2020-04-27T18:22:48.956-0800][5.562s] GC(6)   Pre Evacuate Collection Set: 0.0ms
[2020-04-27T18:22:48.956-0800][5.562s] GC(6)   Evacuate Collection Set: 4.9ms
[2020-04-27T18:22:48.956-0800][5.562s] GC(6)   Post Evacuate Collection Set: 0.5ms
[2020-04-27T18:22:48.956-0800][5.562s] GC(6)   Other: 0.2ms
[2020-04-27T18:22:48.956-0800][5.562s] GC(6) Eden regions: 122->0(199)
[2020-04-27T18:22:48.956-0800][5.562s] GC(6) Survivor regions: 2->6(16)
[2020-04-27T18:22:48.956-0800][5.562s] GC(6) Old regions: 19->19
[2020-04-27T18:22:48.956-0800][5.562s] GC(6) Humongous regions: 4->4
[2020-04-27T18:22:48.956-0800][5.562s] GC(6) Metaspace: 41853K->41853K(1087488K)
[2020-04-27T18:22:48.956-0800][5.562s] GC(6) Pause Young (Normal) (G1 Evacuation Pause) 146M->28M(512M) 5.835ms
[2020-04-27T18:22:48.956-0800][5.562s] GC(6) User=0.04s Sys=0.00s Real=0.00s
[2020-04-27T18:22:50.334-0800][6.940s] GC(7) Pause Young (Normal) (G1 Evacuation Pause)
[2020-04-27T18:22:50.334-0800][6.940s] GC(7) Using 8 workers of 8 for evacuation
[2020-04-27T18:22:50.340-0800][6.946s] GC(7)   Pre Evacuate Collection Set: 0.0ms
[2020-04-27T18:22:50.340-0800][6.946s] GC(7)   Evacuate Collection Set: 5.7ms
[2020-04-27T18:22:50.340-0800][6.946s] GC(7)   Post Evacuate Collection Set: 0.4ms
[2020-04-27T18:22:50.340-0800][6.946s] GC(7)   Other: 0.4ms
[2020-04-27T18:22:50.340-0800][6.946s] GC(7) Eden regions: 199->0(298)
[2020-04-27T18:22:50.340-0800][6.946s] GC(7) Survivor regions: 6->9(26)
[2020-04-27T18:22:50.340-0800][6.946s] GC(7) Old regions: 19->19
[2020-04-27T18:22:50.340-0800][6.946s] GC(7) Humongous regions: 5->4
[2020-04-27T18:22:50.340-0800][6.946s] GC(7) Metaspace: 47741K->47741K(1093632K)
[2020-04-27T18:22:50.340-0800][6.946s] GC(7) Pause Young (Normal) (G1 Evacuation Pause) 228M->31M(512M) 6.735ms
[2020-04-27T18:22:50.340-0800][6.946s] GC(7) User=0.05s Sys=0.00s Real=0.01s
