[2020-04-27T11:01:16.163-0800][0.014s] Heap region size: 1M
[2020-04-27T11:01:16.488-0800][0.339s] Using G1
[2020-04-27T11:01:16.488-0800][0.339s] Heap address: 0x00000007e0000000, size: 512 MB, Compressed Oops mode: Zero based, Oop shift amount: 3
[2020-04-27T11:01:17.599-0800][1.450s] GC(0) Pause Young (Normal) (G1 Evacuation Pause)
[2020-04-27T11:01:17.599-0800][1.451s] GC(0) Using 8 workers of 8 for evacuation
[2020-04-27T11:01:17.604-0800][1.455s] GC(0)   Pre Evacuate Collection Set: 0.0ms
[2020-04-27T11:01:17.604-0800][1.455s] GC(0)   Evacuate Collection Set: 2.8ms
[2020-04-27T11:01:17.604-0800][1.455s] GC(0)   Post Evacuate Collection Set: 0.8ms
[2020-04-27T11:01:17.604-0800][1.455s] GC(0)   Other: 1.7ms
[2020-04-27T11:01:17.604-0800][1.455s] GC(0) Eden regions: 30->0(303)
[2020-04-27T11:01:17.604-0800][1.455s] GC(0) Survivor regions: 0->4(4)
[2020-04-27T11:01:17.604-0800][1.455s] GC(0) Old regions: 0->0
[2020-04-27T11:01:17.604-0800][1.455s] GC(0) Humongous regions: 0->0
[2020-04-27T11:01:17.604-0800][1.455s] GC(0) Metaspace: 14587K->14587K(1062912K)
[2020-04-27T11:01:17.604-0800][1.456s] GC(0) Pause Young (Normal) (G1 Evacuation Pause) 30M->3M(512M) 5.456ms
[2020-04-27T11:01:17.604-0800][1.456s] GC(0) User=0.02s Sys=0.00s Real=0.01s
[2020-04-27T11:01:18.405-0800][2.256s] GC(1) Pause Young (Concurrent Start) (Metadata GC Threshold)
[2020-04-27T11:01:18.405-0800][2.256s] GC(1) Using 8 workers of 8 for evacuation
[2020-04-27T11:01:18.419-0800][2.270s] GC(1)   Pre Evacuate Collection Set: 0.0ms
[2020-04-27T11:01:18.419-0800][2.270s] GC(1)   Evacuate Collection Set: 12.8ms
[2020-04-27T11:01:18.419-0800][2.270s] GC(1)   Post Evacuate Collection Set: 0.5ms
[2020-04-27T11:01:18.419-0800][2.270s] GC(1)   Other: 0.7ms
[2020-04-27T11:01:18.419-0800][2.270s] GC(1) Eden regions: 21->0(95)
[2020-04-27T11:01:18.419-0800][2.270s] GC(1) Survivor regions: 4->12(39)
[2020-04-27T11:01:18.419-0800][2.270s] GC(1) Old regions: 0->0
[2020-04-27T11:01:18.419-0800][2.270s] GC(1) Humongous regions: 4->4
[2020-04-27T11:01:18.419-0800][2.270s] GC(1) Metaspace: 20615K->20615K(1069056K)
[2020-04-27T11:01:18.419-0800][2.270s] GC(1) Pause Young (Concurrent Start) (Metadata GC Threshold) 28M->15M(512M) 14.233ms
[2020-04-27T11:01:18.419-0800][2.270s] GC(1) User=0.06s Sys=0.00s Real=0.01s
[2020-04-27T11:01:18.419-0800][2.270s] GC(2) Concurrent Cycle
[2020-04-27T11:01:18.419-0800][2.270s] GC(2) Concurrent Clear Claimed Marks
[2020-04-27T11:01:18.419-0800][2.271s] GC(2) Concurrent Clear Claimed Marks 0.043ms
[2020-04-27T11:01:18.419-0800][2.271s] GC(2) Concurrent Scan Root Regions
[2020-04-27T11:01:18.424-0800][2.275s] GC(2) Concurrent Scan Root Regions 4.822ms
[2020-04-27T11:01:18.424-0800][2.275s] GC(2) Concurrent Mark (2.275s)
[2020-04-27T11:01:18.424-0800][2.275s] GC(2) Concurrent Mark From Roots
[2020-04-27T11:01:18.424-0800][2.275s] GC(2) Using 2 workers of 2 for marking
[2020-04-27T11:01:18.425-0800][2.277s] GC(2) Concurrent Mark From Roots 1.131ms
[2020-04-27T11:01:18.425-0800][2.277s] GC(2) Concurrent Preclean
[2020-04-27T11:01:18.425-0800][2.277s] GC(2) Concurrent Preclean 0.046ms
[2020-04-27T11:01:18.425-0800][2.277s] GC(2) Concurrent Mark (2.275s, 2.277s) 1.255ms
[2020-04-27T11:01:18.426-0800][2.277s] GC(2) Pause Remark
[2020-04-27T11:01:18.427-0800][2.278s] GC(2) Cleaned string and symbol table, strings: 10144 processed, 0 removed, symbols: 67585 processed, 10 removed
[2020-04-27T11:01:18.427-0800][2.279s] GC(2) Pause Remark 16M->16M(512M) 1.785ms
[2020-04-27T11:01:18.427-0800][2.279s] GC(2) User=0.01s Sys=0.00s Real=0.00s
[2020-04-27T11:01:18.428-0800][2.279s] GC(2) Concurrent Rebuild Remembered Sets
[2020-04-27T11:01:18.432-0800][2.283s] GC(2) Concurrent Rebuild Remembered Sets 4.164ms
[2020-04-27T11:01:18.432-0800][2.283s] GC(2) Pause Cleanup
[2020-04-27T11:01:18.432-0800][2.283s] GC(2) Pause Cleanup 16M->16M(512M) 0.116ms
[2020-04-27T11:01:18.432-0800][2.283s] GC(2) User=0.00s Sys=0.00s Real=0.00s
[2020-04-27T11:01:18.432-0800][2.283s] GC(2) Concurrent Cleanup for Next Mark
[2020-04-27T11:01:18.433-0800][2.284s] GC(2) Concurrent Cleanup for Next Mark 0.969ms
[2020-04-27T11:01:18.433-0800][2.285s] GC(2) Concurrent Cycle 14.111ms
[2020-04-27T11:01:19.354-0800][3.205s] GC(3) Pause Young (Normal) (G1 Evacuation Pause)
[2020-04-27T11:01:19.354-0800][3.205s] GC(3) Using 8 workers of 8 for evacuation
[2020-04-27T11:01:19.369-0800][3.220s] GC(3)   Pre Evacuate Collection Set: 0.0ms
[2020-04-27T11:01:19.369-0800][3.220s] GC(3)   Evacuate Collection Set: 13.6ms
[2020-04-27T11:01:19.369-0800][3.220s] GC(3)   Post Evacuate Collection Set: 1.1ms
[2020-04-27T11:01:19.369-0800][3.220s] GC(3)   Other: 0.2ms
[2020-04-27T11:01:19.369-0800][3.220s] GC(3) Eden regions: 57->0(74)
[2020-04-27T11:01:19.369-0800][3.220s] GC(3) Survivor regions: 12->8(9)
[2020-04-27T11:01:19.369-0800][3.220s] GC(3) Old regions: 0->12
[2020-04-27T11:01:19.369-0800][3.220s] GC(3) Humongous regions: 4->4
[2020-04-27T11:01:19.369-0800][3.220s] GC(3) Metaspace: 27146K->27146K(1075200K)
[2020-04-27T11:01:19.369-0800][3.220s] GC(3) Pause Young (Normal) (G1 Evacuation Pause) 72M->23M(512M) 15.160ms
[2020-04-27T11:01:19.369-0800][3.220s] GC(3) User=0.08s Sys=0.00s Real=0.01s
[2020-04-27T11:01:20.485-0800][4.336s] GC(4) Pause Young (Concurrent Start) (Metadata GC Threshold)
[2020-04-27T11:01:20.485-0800][4.337s] GC(4) Using 8 workers of 8 for evacuation
[2020-04-27T11:01:20.492-0800][4.344s] GC(4)   Pre Evacuate Collection Set: 0.0ms
[2020-04-27T11:01:20.493-0800][4.344s] GC(4)   Evacuate Collection Set: 6.7ms
[2020-04-27T11:01:20.493-0800][4.344s] GC(4)   Post Evacuate Collection Set: 0.4ms
[2020-04-27T11:01:20.493-0800][4.344s] GC(4)   Other: 0.2ms
[2020-04-27T11:01:20.493-0800][4.344s] GC(4) Eden regions: 54->0(115)
[2020-04-27T11:01:20.493-0800][4.344s] GC(4) Survivor regions: 8->2(11)
[2020-04-27T11:01:20.493-0800][4.344s] GC(4) Old regions: 12->20
[2020-04-27T11:01:20.493-0800][4.344s] GC(4) Humongous regions: 4->4
[2020-04-27T11:01:20.493-0800][4.344s] GC(4) Metaspace: 35048K->35048K(1081344K)
[2020-04-27T11:01:20.493-0800][4.344s] GC(4) Pause Young (Concurrent Start) (Metadata GC Threshold) 76M->25M(512M) 7.536ms
[2020-04-27T11:01:20.493-0800][4.344s] GC(4) User=0.03s Sys=0.00s Real=0.01s
[2020-04-27T11:01:20.493-0800][4.344s] GC(5) Concurrent Cycle
[2020-04-27T11:01:20.493-0800][4.344s] GC(5) Concurrent Clear Claimed Marks
[2020-04-27T11:01:20.493-0800][4.344s] GC(5) Concurrent Clear Claimed Marks 0.043ms
[2020-04-27T11:01:20.493-0800][4.344s] GC(5) Concurrent Scan Root Regions
[2020-04-27T11:01:20.494-0800][4.345s] GC(5) Concurrent Scan Root Regions 1.054ms
[2020-04-27T11:01:20.494-0800][4.345s] GC(5) Concurrent Mark (4.345s)
[2020-04-27T11:01:20.494-0800][4.345s] GC(5) Concurrent Mark From Roots
[2020-04-27T11:01:20.494-0800][4.345s] GC(5) Using 2 workers of 2 for marking
[2020-04-27T11:01:20.525-0800][4.376s] GC(5) Concurrent Mark From Roots 30.579ms
[2020-04-27T11:01:20.525-0800][4.376s] GC(5) Concurrent Preclean
[2020-04-27T11:01:20.525-0800][4.376s] GC(5) Concurrent Preclean 0.134ms
[2020-04-27T11:01:20.525-0800][4.376s] GC(5) Concurrent Mark (4.345s, 4.376s) 30.838ms
[2020-04-27T11:01:20.525-0800][4.376s] GC(5) Pause Remark
[2020-04-27T11:01:20.528-0800][4.379s] GC(5) Cleaned string and symbol table, strings: 16527 processed, 20 removed, symbols: 114987 processed, 52 removed
[2020-04-27T11:01:20.528-0800][4.379s] GC(5) Pause Remark 27M->27M(512M) 3.211ms
[2020-04-27T11:01:20.528-0800][4.380s] GC(5) User=0.02s Sys=0.00s Real=0.00s
[2020-04-27T11:01:20.528-0800][4.380s] GC(5) Concurrent Rebuild Remembered Sets
[2020-04-27T11:01:20.542-0800][4.394s] GC(5) Concurrent Rebuild Remembered Sets 14.100ms
[2020-04-27T11:01:20.543-0800][4.394s] GC(5) Pause Cleanup
[2020-04-27T11:01:20.543-0800][4.394s] GC(5) Pause Cleanup 27M->27M(512M) 0.126ms
[2020-04-27T11:01:20.543-0800][4.394s] GC(5) User=0.00s Sys=0.00s Real=0.00s
[2020-04-27T11:01:20.543-0800][4.394s] GC(5) Concurrent Cleanup for Next Mark
[2020-04-27T11:01:20.544-0800][4.395s] GC(5) Concurrent Cleanup for Next Mark 1.153ms
[2020-04-27T11:01:20.544-0800][4.395s] GC(5) Concurrent Cycle 51.281ms
[2020-04-27T11:03:01.930-0800][105.782s] GC(6) Pause Young (Normal) (G1 Evacuation Pause)
[2020-04-27T11:03:01.930-0800][105.782s] GC(6) Using 8 workers of 8 for evacuation
[2020-04-27T11:03:01.936-0800][105.789s] GC(6)   Pre Evacuate Collection Set: 0.0ms
[2020-04-27T11:03:01.936-0800][105.789s] GC(6)   Evacuate Collection Set: 5.9ms
[2020-04-27T11:03:01.936-0800][105.789s] GC(6)   Post Evacuate Collection Set: 0.7ms
[2020-04-27T11:03:01.936-0800][105.789s] GC(6)   Other: 0.3ms
[2020-04-27T11:03:01.936-0800][105.789s] GC(6) Eden regions: 115->0(160)
[2020-04-27T11:03:01.936-0800][105.789s] GC(6) Survivor regions: 2->8(15)
[2020-04-27T11:03:01.936-0800][105.789s] GC(6) Old regions: 20->20
[2020-04-27T11:03:01.937-0800][105.789s] GC(6) Humongous regions: 4->4
[2020-04-27T11:03:01.937-0800][105.789s] GC(6) Metaspace: 43403K->43403K(1089536K)
[2020-04-27T11:03:01.937-0800][105.789s] GC(6) Pause Young (Normal) (G1 Evacuation Pause) 140M->31M(512M) 7.041ms
[2020-04-27T11:03:01.937-0800][105.789s] GC(6) User=0.05s Sys=0.00s Real=0.01s
[2020-04-27T11:03:02.413-0800][106.266s] GC(7) Pause Young (Normal) (G1 Evacuation Pause)
[2020-04-27T11:03:02.414-0800][106.266s] GC(7) Using 8 workers of 8 for evacuation
[2020-04-27T11:03:02.420-0800][106.272s] GC(7)   Pre Evacuate Collection Set: 0.0ms
[2020-04-27T11:03:02.420-0800][106.272s] GC(7)   Evacuate Collection Set: 5.6ms
[2020-04-27T11:03:02.420-0800][106.272s] GC(7)   Post Evacuate Collection Set: 0.4ms
[2020-04-27T11:03:02.420-0800][106.272s] GC(7)   Other: 0.3ms
[2020-04-27T11:03:02.420-0800][106.272s] GC(7) Eden regions: 160->0(226)
[2020-04-27T11:03:02.420-0800][106.272s] GC(7) Survivor regions: 8->10(21)
[2020-04-27T11:03:02.420-0800][106.273s] GC(7) Old regions: 20->20
[2020-04-27T11:03:02.420-0800][106.273s] GC(7) Humongous regions: 5->4
[2020-04-27T11:03:02.420-0800][106.273s] GC(7) Metaspace: 45705K->45705K(1091584K)
[2020-04-27T11:03:02.420-0800][106.273s] GC(7) Pause Young (Normal) (G1 Evacuation Pause) 192M->33M(512M) 6.380ms
[2020-04-27T11:03:02.420-0800][106.273s] GC(7) User=0.04s Sys=0.00s Real=0.01s
[2020-04-27T15:21:09.136-0800][11354.991s] GC(8) Pause Young (Normal) (G1 Evacuation Pause)
[2020-04-27T15:21:09.140-0800][11354.995s] GC(8) Using 8 workers of 8 for evacuation
[2020-04-27T15:21:09.210-0800][11355.065s] GC(8)   Pre Evacuate Collection Set: 0.4ms
[2020-04-27T15:21:09.211-0800][11355.065s] GC(8)   Evacuate Collection Set: 67.8ms
[2020-04-27T15:21:09.211-0800][11355.065s] GC(8)   Post Evacuate Collection Set: 1.7ms
[2020-04-27T15:21:09.211-0800][11355.065s] GC(8)   Other: 4.7ms
[2020-04-27T15:21:09.211-0800][11355.065s] GC(8) Eden regions: 223->0(285)
[2020-04-27T15:21:09.211-0800][11355.065s] GC(8) Survivor regions: 10->15(30)
[2020-04-27T15:21:09.211-0800][11355.065s] GC(8) Old regions: 20->20
[2020-04-27T15:21:09.211-0800][11355.065s] GC(8) Humongous regions: 4->4
[2020-04-27T15:21:09.211-0800][11355.065s] GC(8) Metaspace: 55024K->55024K(1099776K)
[2020-04-27T15:21:09.211-0800][11355.065s] GC(8) Pause Young (Normal) (G1 Evacuation Pause) 256M->37M(512M) 74.731ms
[2020-04-27T15:21:09.211-0800][11355.065s] GC(8) User=0.09s Sys=0.28s Real=0.08s
[2020-04-27T18:22:33.000-0800][22239.008s] Heap
[2020-04-27T18:22:33.000-0800][22239.009s]  garbage-first heap   total 524288K, used 167814K [0x00000007e0000000, 0x0000000800000000)
[2020-04-27T18:22:33.000-0800][22239.009s]   region size 1024K, 140 young (143360K), 15 survivors (15360K)
[2020-04-27T18:22:33.001-0800][22239.009s]  Metaspace       used 58640K, capacity 59826K, committed 59984K, reserved 1101824K
[2020-04-27T18:22:33.001-0800][22239.009s]   class space    used 6651K, capacity 7114K, committed 7168K, reserved 1048576K
